{
  "errors": {
    "MISSING_MANDATORY_KEY": {
      "data": [
        "ot:isLeaf"
      ], 
      "refersTo": {
        "@idref": [
          "node2", 
          "node3", 
          "node4"
        ], 
        "@nodeID": [
          "node2", 
          "node3", 
          "node4"
        ], 
        "@top": "trees", 
        "@treeID": "tree1", 
        "@treesID": "trees2"
      }
    }, 
    "REPEATED_ID": {
      "data": [
        "edge0"
      ], 
      "refersTo": {
        "@edgeID": "edge0", 
        "@idref": "edge0", 
        "@top": "trees", 
        "@treeID": "tree2", 
        "@treesID": "trees2"
      }
    }
  }, 
  "warnings": {
    "MISSING_OPTIONAL_KEY": [
      {
        "data": [
          "@xsi:type"
        ], 
        "refersTo": {
          "@idref": "tree1", 
          "@top": "trees", 
          "@treeID": "tree1", 
          "@treesID": "trees2"
        }
      }, 
      {
        "data": [
          "ot:branchLengthDescription", 
          "ot:branchLengthMode", 
          "ot:branchLengthTimeUnit", 
          "ot:curatedType", 
          "ot:outGroupEdge"
        ], 
        "refersTo": {
          "@idref": "tree1", 
          "@top": "trees", 
          "@treeID": "tree1", 
          "@treesID": "trees2"
        }
      }, 
      {
        "data": [
          "@xsi:type"
        ], 
        "refersTo": {
          "@idref": "tree2", 
          "@top": "trees", 
          "@treeID": "tree2", 
          "@treesID": "trees2"
        }
      }, 
      {
        "data": [
          "ot:branchLengthDescription", 
          "ot:branchLengthMode", 
          "ot:branchLengthTimeUnit", 
          "ot:curatedType", 
          "ot:outGroupEdge"
        ], 
        "refersTo": {
          "@idref": "tree2", 
          "@top": "trees", 
          "@treeID": "tree2", 
          "@treesID": "trees2"
        }
      }
    ]
  }
}
