{
  "errors": {
    "REFERENCED_ID_NOT_FOUND": {
      "data": [
        "@otus=\"otus42\""
      ], 
      "refersTo": {
        "@idref": "trees2", 
        "@top": "trees", 
        "@treesID": "trees2"
      }
    }
  }, 
  "warnings": {
    "MISSING_OPTIONAL_KEY": {
      "data": [
        "ot:dataDeposit", 
        "ot:studyPublication", 
        "ot:studyPublicationReference", 
        "ot:studyYear"
      ], 
      "refersTo": {
        "@idref": "some-id", 
        "@top": "nexml"
      }
    }
  }
}
