{
  "errors": {
    "MISSING_MANDATORY_KEY": {
      "data": [
        "ot:originalLabel"
      ], 
      "refersTo": {
        "@idref": "otu1", 
        "@otuID": "otu1", 
        "@otusID": "otus1", 
        "@top": "otus"
      }
    }
  }, 
  "warnings": {}
}
