{
  "errors": {
    "MISSING_CRUCIAL_CONTENT": {
      "data": [
        "@id"
      ], 
      "refersTo": {
        "@idref": "trees2", 
        "@top": "trees", 
        "@treeID": "trees2", 
        "@treesID": "trees2"
      }
    }
  }, 
  "warnings": {
    "MISSING_OPTIONAL_KEY": {
      "data": [
        "ot:dataDeposit", 
        "ot:studyPublication", 
        "ot:studyPublicationReference", 
        "ot:studyYear"
      ], 
      "refersTo": {
        "@idref": "some-id", 
        "@top": "nexml"
      }
    }
  }
}
