{
  "errors": {
    "MISSING_CRUCIAL_CONTENT": {
      "data": [
        "@otu"
      ], 
      "refersTo": {
        "@idref": "node1", 
        "@nodeID": "node1", 
        "@top": "trees", 
        "@treeID": "tree1", 
        "@treesID": "trees2"
      }
    }
  }, 
  "warnings": {
    "MISSING_OPTIONAL_KEY": [
      {
        "data": [
          "ot:dataDeposit", 
          "ot:studyPublication", 
          "ot:studyPublicationReference", 
          "ot:studyYear"
        ], 
        "refersTo": {
          "@idref": "some-id", 
          "@top": "nexml"
        }
      }, 
      {
        "data": [
          "@xsi:type"
        ], 
        "refersTo": {
          "@idref": "tree1", 
          "@top": "trees", 
          "@treeID": "tree1", 
          "@treesID": "trees2"
        }
      }, 
      {
        "data": [
          "ot:branchLengthDescription", 
          "ot:branchLengthMode", 
          "ot:branchLengthTimeUnit", 
          "ot:curatedType", 
          "ot:outGroupEdge"
        ], 
        "refersTo": {
          "@idref": "tree1", 
          "@top": "trees", 
          "@treeID": "tree1", 
          "@treesID": "trees2"
        }
      }
    ]
  }
}
