{
    "core": true,
    "documents": [
        {
            "url": "http://bib-pubdb1.desy.de/record/389977/files/desy-thesis-17-035.title.pdf", 
            "fulltext": true, 
            "key": "document"
        }
    ], 
    "thesis_info": {
        "date": "2017", 
        "degree_type": "phd", 
        "institutions": [
            {
                "name": "Hamburg U."
            }
        ]
    }, 
    "curated": false, 
    "_collections": [
        "Literature"
        ], 
        "titles": [
            {
                "source": "DESY", 
                "title": "Search for contact interactions and finite quark radius using combined $e^{\\pm}p$ data at HERA"
            }
        ], 
        "authors": [
            {
                "raw_affiliations": [
                    {
                        "value": "Deutsches Elektronen-Synchrotron"
                    }
                ], 
                "inspire_roles": [
                    "supervisor"
                ], 
                "ids": [
                    {
                        "value": "0000-0001-5699-3046", 
                        "schema": "ORCID"
                    }
                ], 
                "full_name": "Foster, Brian"
            }, 
            {
                "raw_affiliations": [
                    {
                        "value": "Deutsches Elektronen-Synchrotron"
                    }
                ], 
                "inspire_roles": [
                    "supervisor"
                ], 
                "full_name": "Wichmann, Katarzyna"
            }, 
            {
                "raw_affiliations": [
                    {
                        "value": "Deutsches Elektronen-Synchrotron"
                    }
                ], 
                "affiliations": [
                    {
                        "value": "DESY"
                    }
                ], 
                "ids": [
                    {
                        "value": "0000-0001-5352-7744", 
                        "schema": "ORCID"
                    }
                ], 
                "full_name": "Turkot, Oleksii"
            }
        ], 
        "inspire_categories": [
            {
                "term": "Experiment-HEP"
            }
        ], 
        "report_numbers": [
            {
                "value": "DESY-THESIS-2017-035"
            }
        ], 
        "dois": [
            {
                "source": "Deutsches Elektronen-Synchrotron", 
                "value": "10.3204/PUBDB-2017-09190"
            }
        ], 
        "keywords": [
            {
                "value": "* Automatic Keywords *", 
                "schema": "INSPIRE"
            }, 
            {
                "source": "bibclassify", 
                "value": "parton: distribution function", 
                "schema": "INSPIRE"
            }, 
            {
                "source": "bibclassify", 
                "value": "beam: energy", 
                "schema": "INSPIRE"
            }, 
            {
                "source": "bibclassify", 
                "value": "p: beam", 
                "schema": "INSPIRE"
            }, 
            {
                "source": "bibclassify", 
                "value": "beam: polarization", 
                "schema": "INSPIRE"
            }, 
            {
                "source": "bibclassify", 
                "value": "electron: beam", 
                "schema": "INSPIRE"
            }, 
            {
                "source": "bibclassify", 
                "value": "mass: scale", 
                "schema": "INSPIRE"
            }, 
            {
                "source": "bibclassify", 
                "value": "higher-order: 1", 
                "schema": "INSPIRE"
            }, 
            {
                "source": "bibclassify", 
                "value": "new physics", 
                "schema": "INSPIRE"
            }, 
            {
                "source": "bibclassify", 
                "value": "quantum chromodynamics", 
                "schema": "INSPIRE"
            }, 
            {
                "source": "bibclassify", 
                "value": "contact interaction", 
                "schema": "INSPIRE"
            }, 
            {
                "source": "bibclassify", 
                "value": "DESY HERA Stor", 
                "schema": "INSPIRE"
            }, 
            {
                "source": "bibclassify", 
                "value": "ILC Coll", 
                "schema": "INSPIRE"
            }, 
            {
                "source": "bibclassify", 
                "value": "niobium", 
                "schema": "INSPIRE"
            }, 
            {
                "source": "bibclassify", 
                "value": "cavity", 
                "schema": "INSPIRE"
            }, 
            {
                "source": "bibclassify", 
                "value": "quark", 
                "schema": "INSPIRE"
            }, 
            {
                "source": "bibclassify", 
                "value": "deep inelastic scattering", 
                "schema": "INSPIRE"
            }, 
            {
                "source": "bibclassify", 
                "value": "superconductivity", 
                "schema": "INSPIRE"
            }, 
            {
                "source": "bibclassify", 
                "value": "ZEUS", 
                "schema": "INSPIRE"
            }
        ], 
        "publication_info": [
            {
                "year": 2017
            }
        ],
        "$schema": "hep.json",
        "document_type": [
            "thesis"
        ], 
        "abstracts": [
            {
                "source": "Deutsches Elektronen-Synchrotron", 
                "value": "A combination is presented of all previously published deep inelastic neutral and charged current $e^{\\pm}p$ scattering measurements at HERA for zero beam polarisation.The ZEUS and H1 collaborations have collected data at electron beam energy of $27.5$ GeV and proton beam energies of $920$, $820$, $575$ and $460$ GeV.The combined data correspond to an integrated luminosity of about $1$ fb$^{-1}$ and cover a kinematic range in the negative four-momentum-transfer squared from $Q^{2} = 0.045$ GeV$^{2}$ to $Q^{2} = 50000$ GeV$^{2}$ and in Bjorken $x$ from $x_{\\rm Bj} = 6 \\times 10^{-7}$ to $x_{\\rm Bj} = 0.65$.The correlations of systematic uncertainties between different sets of data were taken into account, resulting in significantly improved precision.The combined $e^{\\pm}p$ cross sections were used in a QCD analysis at next-to-leading order, providing a set of parton distribution functions, called ZCIPDF.The combined measurements were also used in an analysis beyond the Standard Model using a new approach, performing simultaneous fits on large sets of Monte Carlo replicas of parton distribution functions, PDFs, together with the parameters of \"new physics\" processes.A simplified approach to reduce the calculation time was developed and extensively tested.It allowed the calculation time to be reduced by about a factor of 50.The resulting $95\\,\\%$ C.L. upper limit on the effective quark radius is $0.43 \\cdot 10^{-16}$ cm and the limits on the mass scales for different contact interaction scenarios extend up to $10$ TeV.The analyses have shown that taking into account the possible influence of processes beyond the Standard Model on the PDF parameters is necessary, since the limits that would be obtained using PDFs from QCD analysis within the Standard Model are too strong by about $10\\,\\%$.Studies of the surface quality of 28 Niobium superconducting radio frequency, SRF, cavities and development of a controllable cooling system for Niobium samples are also reported.The SRF cavities are the core of the accelerating technology for the future International Linear Collider, ILC; the reported studies are part of an ongoing research and development program."
            }
        ], 
        "imprints": [
            {
                "date": "2017", 
                "publisher": "Verlag Deutsches Elektronen-Synchrotron", 
                "place": "Hamburg"
            }, 
            {
                "date": "2017"
            }
        ], 
        "acquisition_source": {
            "source": "desy", 
            "method": "hepcrawl", 
            "submission_number": "5652c7f6190f11e79e8000224dabeaad", 
            "datetime": "2017-05-04T17:49:07.975168"
        }
} 
