
SVD of a rectangular Grcar matrix, 35x30

 All requested singular values computed up to the required tolerance:
     3.22175, 3.21797, 3.16826, 3.15128

