{
  "errors": {
    "MISSING_MANDATORY_KEY": {
      "data": [
        "nexml"
      ], 
      "refersTo": {
        "@top": ""
      }
    }
  }, 
  "warnings": {}
}
