>uc002qvv.3
ATGGAGTTTCGTTCTTGCTGCCCAAGCTGGAGTGCAATGGCGCCATCTCG
GCTCACTGCAACCTCCACCTTCCAGGTTCAAGTGATTCTCCTGCCTCAGG
CTCCTGAGTAGCTGGGATTACAGGCGCACGTCACCACATCTGGCTAATTT
TTTGTATTTTTAGTAGAAATGGGGTTTCACCATGTTAGCCAGGCTGGTCT
TGAACTCCTGACCTCAGGTGATCCCCCCACCTCGGCCTCCCAAATTGCTG
GGATTACAGGTGTGAGCCACCGTGTCCGGCCATAAAACATTTTTTTACAA
AAGGCTTACAAAGGAATATTTATAGCAGTTTTATTTGTAATAGCCAAAAG
CTGGAAACAACCCAATTGTCTATCAACAGTGACTGGAAGGACAAATTGTG
CTATGTCCACACATTAGAATACCAGTTGGCAGTCAAAAAGGAAGAGCTGA
TCTGTGCAGCAATTTGAGTCTCAGTAATTTCATGTGAATAACCCTATACC
TTCCAATTTGAAATCAGAAGCAAAAAAGGCTGCCAAAATATTAAGAGAAT
TCACAGAAATAACTTCCAGAAATGGACCTGATAAGATCATTCCTGCTCAC
GTAATTGCGAAGGCTAAAGGCCTTGCAATTCTGTCTGTGATCAAAGCCGG
GTTCCTGGTGACTGCCAGAGGAGGCAGCGGGATTGTAGTGGCGCGCCTTC
CAGATGGAAAATGGTCTGCACCCTCAGCCATTGGGATAGCTGGCCTTGGT
GGAGGATTTGAAATAGGAATTGAGACACATTTACAGCTACATATTCCCTC
TGAGCATTGCCCTGGCTGCCTTCCATAAGTGTGGAGTGCCACTCCAGCTT
TCTTAGGTTGCCATCTGCATGACACATCTTTCTCCATCCTTTTACTGTCA
ATCTAATGGTATCAGACTTGGTGATAATTCTGAATTATGACCGTGCTGTA
GAAGCTTTTGCAAAAGGCGGAAATCTGACCCTCGGAGGGAACTTGACTGT
GGCGGTTGGGCCCTTGGGAAGGAACTTGGAAGGAAACGTGGCCCTGAGAA
GCTCCGCTGCCGTCTTCACGTACTGCAAGTCAAGGGGACTCTTTGCAGGC
GTGTCTTTAGAAGGGAGCTGTTTGATTGAAAGGAAAGAAACTAATAGAAA
ATTTTATTGTCAAGATATCCGAGCTTATGACATTTTATTTGGAGATACAC
CGCGGCCTGCTCAAGCCGAAGATCTTTATGAAATTCTTGATTCCTTTACT
GAAAAGTATGAAAATGAAGGACAACGAATCAATGCAAGAAAAGCAGCAAG
GGAGCAGAGGAAGTCTTCTGCTAAAGAATTACCTCCAAAGCCATTGTCAA
GACCACAGCAGTCATCTGCACCAGTCCAGCTGAACTCTGGCTCTCAAAGT
AACAGAAATGAATATAAGCTCTATCCTGGACTTTCCAGCTATCATGAGAG
AGTTGGCAATTTGAATCAACCCATAGAAGTGACAGCGCTGTATTCATTTG
AAGGACAGCAGCCTGGGGATTTGAATTTTCAAGCTGGAGACAGAATCACA
GTTATATCAAAAACAGATTCACATTTTGATTGGTGGGAAGGAAAACTTCG
AGGTCAAACTGGCATTTTTCCAGCCAACTACGTAACCATGAATTAAAGCG
TATACTATTTTCTTCTTTGAGAATTACAAAAAAATTATTTCTACACTGAC
AGGATTTACTAGTTAAGCAATGTTTAATATAAATTTTAAAAAACTTCTGT
TCTACAAAATTTCCATTCCGTATGTAAAAGATTTTGTTTTTCTATATAAA
AAGAGCTGACTGACATATCTTTAAATACTTTGTACTAACTTTATCACACT
TACTGTGTCATAGAATATCATACAGTTTATACGCTCATAGTTCTCTTGTG
AACACTTCAAACATCGCTAAGCATTTGATCTGGCCATGTATATGGTAGCT
GTGTTTTAATTTGAGAATCTTGAGGGTAGAGCCACAAATTTCAATTCTTA
CATTTCCATTTGCAAAGTGACTAGAGAAAAAGAAATCAGCTTAAATGAGG
TATTAAGTAATGTTTAGAGTCGTAGGTATTAACTAGAATATAAATCCTTA
GAAATTGTCTTTATACCTTCAAAAATTATACTATGCATTTATCATAGAAA
TGTGATTACAAAGAAGTCTGACTACCATGTCTTTAAACATATGGCATCTC
TCAACTTTTCTTCCTTATGGGGCTACATTTGTTCATTTCCAGCAGTAGCA
TAAACTTACGGTGACATGGTAGACTTGTCTCTAAATAAAATTTTTAAATG
TTTACTAAGTTAATATTTCAA
>uc002qwc.1
GAAAACTTTATTCTCAAGAGATTTCTCATTCCGCAGAAATAAGGATCTGG
CATGTCAACACAAACATAGGAAGTTGAGGCAGTCAAAGGGAAATAACTGC
TACCCTGACTCTGCTGAGAGCCTCACAAGTCCCTGTGCACGCCAGCTTGT
TTGCCAAAAAAGATGTTGCTGGTCCATTTGACGAAGAAGTCCAGAGCGGC
TTGTGACTTCAGTCTGGCTTTGCAGAGCCCAGGTGCTCTCTCCACCTTCT
GCCAGGTTCCCCTATGAAGGCTTTGCTCTCAGACTCTCCCCTTGTGGAGA
CAAAAATCCCACAGCAAGTGGAAACAGAAGTGCCTTGGAAAAAGTTATTC
TGGCAGCTCCTATACAAGTCCCCCATCAGATGCTGGTATTGGACCAGCTT
TGGTTATAAAGCCCTGCTGTGGCACCAAAAGGAATGTCGTCCTGATACAG
CAGCCTCGGGTCACCCAATCCACTCCAGATACTATGGCTGCAGCATCAAT
GTAAGCAGACAAGTTGTGCTGCCTCTGAAATAAAGTAGATGAAATATTCA
GCAGCAGAAAGAACAAGTTTCCACTCCAGTGAACTAATTCAAATGTATCC
AGCATCTAGATATATGTATAAATGTAATTAAAACATATTGAGCATCTAGA
GCATCTCTCCCAAGATAATTACCACCTGATAGTAATGGCTATAAAAGCTA
AAAGTGGAATCAGTCTACATGTTTCGCAATAGGAATCAATTGAAGCATAC
ATCAAAATGCAGACAGTAGTATTGTGAATAACCCTATACCTTCCAATTTG
AAATCAGAAGCAAAAAAGGCTGCCAAAATATTAAGAGAATTCACAGAAAT
AACTTCCAGAAATGGACCTGATAAGATCATTCCTGCTCACGTAATTGCGA
AGGCTAAAGGCCTTGCAATTCTGTCTGTGATCAAAGCCGGGTTCCTGGTG
ACTGCCAGAGGAGGCAGCGGGATTGTAGTGGCGCGCCTTCCAGATGGAAA
ATGGTCTGCACCCTCAGCCATTGGGATAGCTGGCCTTGGTGGAGGATTTG
AAATAGGAATTGAGACACATTTACAGCTACATATTCCCTCTGAGCATTGC
CCTGGCTGCCTTCCATAAGTGTGG
>uc002qwf.3
ACTGCGCAGGCGCGCGGGGCAAGAGGGTGGCAGTGCGCCTGCGCCGCGTC
GGCGTGCGGAACGCCGCGGTGTCTCGGCGCCTCTGCGCGCGGGAAGATGG
CGGAACAGGCTACCAAGTCCGTGCTGTTTGTGTGTCTGGGTAACATTTGT
CGATCACCCATTGCAGAAGCAGTTTTCAGGAAACTTGTAACCGATCAAAA
CATCTCAGAGAATTGGAGGGTAGACAGCGCGGCAACTTCCGGGTATGAGA
TAGGGAACCCCCCTGACTACCGAGGGCAGAGCTGCATGAAGAGGCACGGC
ATTCCCATGAGCCACGTTGCCCGGCAGATTACCAAAGAAGATTTTGCCAC
ATTTGATTATATACTATGTATGGATGAAAGCAATCTGAGAGATTTGAATA
GAAAAAGTAATCAAGTTAAAACCTGCAAAGCTAAAATTGAACTACTTGGG
AGCTATGATCCACAAAAACAACTTATTATTGAAGATCCCTATTATGGGAA
TGACTCTGACTTTGAGACGGTGTACCAGCAGTGTGTCAGGTGCTGCAGAG
CGTTCTTGGAGAAGGCCCACTGAGGCAGGTTCGTGCCCTGCTGCGGCCAG
CCTGACTAGACCCCACCCTGAGGTCCTGCATTTCTCAGTCGGTGTGTAAT
CACGTTCCAGGGCCCAAAGCCCAGCTCTTTGTTCAGTTGACTTACTGTTT
CTTACCTTAAAAAGTAATTGTAGATGGAAATCAGTTGTGTTTGGCAGGAG
AATCAATAAAAATCTTTGATTCAGACAGCTTATGGGGTATTTTAAGCATT
CTTAGACTAGTTGAACATCTCACTTTGCCCCAGTTACAAAAATAGTAGAA
CAAGCAACATAAAACAATGAAGGAAAACCTCACTTGAAGGCCCAGGTCAA
CATCTAAGCCTGTTGAGACTTAGATAATCGAGTCTACCTCTTCAGTAGGT
TTGTGTGGATGGCCTGGAGGGCAGGTGCCCTCTGCTCCCCAGTGCTACCT
CTCTCTTCCCTAGGGCCTTTTGTGGATTGACAGTAGTCCCCTCCGTAGGA
GCTCACAGTCTAGATTAGAAGTGTTTTAATTTCTACACACCCATAGTGCA
CACTTGTATATTGAAAAGATAGGGAAGAGAGAAACATTTATGGAATCAGT
CGTTGGCACCTTCAATACTTCATGATTTTTGTCGAGTTTACTTCATGAGG
AGGTCAGCCCATTGGCTCCCATCTGAACCACTTTGCCTCTGAAACTTAAT
TACATCCAGAAAGAAGGACACTTGTATGCTAGTCTATGGTCAGTTGAGGA
ATATGACTGTTTTTATATGCACATGTAACCCAAATGTCCAATATAAATTG
GCTTATTTTTTAAAATAATTTTAAAAGTTGGGAAAAGTGTTATTATTTGG
CATGCTTAAATATTGAATAAGTATTCTTCATCAGCATTTAATAAATGTAT
AGGCAGATGTAAGGTAATTTCTGTGTATTTTGAGATAATGTCAAAATCAT
GAATATTTCAAAATAAACTGGGGAGTTATAAAAATACAACTAGAGATATA
A
>uc002qwh.3
ACTGCGCAGGCGCGCGGGGCAAGAGGGTGGCAGTGCGCCTGCGCCGCGTC
GGCGTGCGGAACGCCGCGGTGTCTCGGCGCCTCTGCGCGCGGGAAGATGG
CGGAACAGGCTACCAAGTCCGTGCTGTTTGTGTGTCTGGGTAACATTTGT
CGATCACCCATTGCAGAAGCAGTTTTCAGGAAACTTGTAACCGATCAAAA
CATCTCAGAGAATTGGAGGGTAGACAGCGCGGCAACTTCCGGTGGGTCAT
TGACAGCGGTGCTGTTTCTGACTGGAACGTGGGCCGGTCCCCAGACCCAA
GAGCTGTGAGCTGCCTAAGAAATCATGGCATTCACACAGCCCATAAAGCA
AGACAGATTACCAAAGAAGATTTTGCCACATTTGATTATATACTATGTAT
GGATGAAAGCAATCTGAGAGATTTGAATAGAAAAAGTAATCAAGTTAAAA
CCTGCAAAGCTAAAATTGAACTACTTGGGAGCTATGATCCACAAAAACAA
CTTATTATTGAAGATCCCTATTATGGGAATGACTCTGACTTTGAGACGGT
GTACCAGCAGTGTGTCAGGTGCTGCAGAGCGTTCTTGGAGAAGGCCCACT
GAGGCAGGTTCGTGCCCTGCTGCGGCCAGCCTGACTAGACCCCACCCTGA
GGTCCTGCATTTCTCAGTCGGTGTGTAATCACGTTCCAGGGCCCAAAGCC
CAGCTCTTTGTTCAGTTGACTTACTGTTTCTTACCTTAAAAAGTAATTGT
AGATGGAAATCAGTTGTGTTTGGCAGGAGAATCAATAAAAATCTTTGATT
CAGACAGCTTATGGGGTATTTTAAGCATTCTTAGACTAGTTGAACATCTC
ACTTTGCCCCAGTTACAAAAATAGTAGAACAAGCAACATAAAACAATGAA
GGAAAACCTCACTTGAAGGCCCAGGTCAACATCTAAGCCTGTTGAGACTT
AGATAATCGAGTCTACCTCTTCAGTAGGTTTGTGTGGATGGCCTGGAGGG
CAGGTGCCCTCTGCTCCCCAGTGCTACCTCTCTCTTCCCTAGGGCCTTTT
GTGGATTGACAGTAGTCCCCTCCGTAGGAGCTCACAGTCTAGATTAGAAG
TGTTTTAATTTCTACACACCCATAGTGCACACTTGTATATTGAAAAGATA
GGGAAGAGAGAAACATTTATGGAATCAGTCGTTGGCACCTTCAATACTTC
ATGATTTTTGTCGAGTTTACTTCATGAGGAGGTCAGCCCATTGGCTCCCA
TCTGAACCACTTTGCCTCTGAAACTTAATTACATCCAGAAAGAAGGACAC
TTGTATGCTAGTCTATGGTCAGTTGAGGAATATGACTGTTTTTATATGCA
CATGTAACCCAAATGTCCAATATAAATTGGCTTATTTTTTAAAATAATTT
TAAAAGTTGGGAAAAGTGTTATTATTTGGCATGCTTAAATATTGAATAAG
TATTCTTCATCAGCATTTAATAAATGTATAGGCAGATGTAAGGTAATTTC
TGTGTATTTTGAGATAATGTCAAAATCATGAATATTTCAAAATAAACTGG
GGAGTTATAAAAATACAACTAGAGATATAA
>uc010yim.2
GGTCGGGAGGGGCGGGAACTGGGGAGTTTCGCCAATCGGTGCAGACTCCG
GTTCTCCCCAACCCCGGGCCTGGGCAGCTGGGCACTGGGGCGCCGTTCCC
CACCCGGCGCGGACTTCGGAACCGGCCCTGGGACTGACTGGCTCTACCAC
TCGAGCGCGTCTCCGCTGGACCCGGAACCCCGGTCGGTCCATTCCCCGCG
AAGATGCGCGCCCTGGCGGCCCTGAGCGCGCCCCCGAACGAGCGGCTCCT
TCCCCGGGACCCCGCGGCTACCCGGGACCCCGACGCCGCGCGGCCGGCGC
GCAGGAGCGCAGTGGAGAGGCTGGCGGCGGATCGCGCCAAGTATGTGCGG
GGTCGGCCGGGGACTGGCCGGGGCGTCGCTTCCGAGGGCAGCGGCCCGGG
GGCGATCAAGTGCCCGGGGAACGACCCTGGGCCCCCGGCCCGCGCCCCGG
CCCCGGTGGCGCGCAGGGCTATTGCGCGGAAGCCGTTGAGACCGGACTCG
CTGATCATCTACCGGCAGAAATGCGAATTCGTGCGAGGATCGGGCGCCGA
CGGCCCCAGGGCAAGCCTGGTGAAGAAGCTCTTCCAGGGGCCGGGTAAGG
ACAAGGCGCCGGTGCCCCGGACGGGAGACGAGGGCAAGGCCGGGAACCCG
GAGACGGTCCCGACCACTCCTGGCCCCGCGGCGGACCCCGCAATCCCCGA
GACCCCAGCCCCAGCCGCGCGGTCCGCGGCGCCCTCCAGTGTCCCGGCCG
CGCCCCCTGGGCCAGAGCCGCGGGTGGTGAGGCGTCGGGGGCTGCAGCGC
TCACAGTCGGACCTCAGCTCCCGCTATTCCGCTGCCTTGGCCGAGTCTGA
CACCTTCTTCCAGTACTGCGGCCTGGACCCCGAGGTGGTGGAGGCCCTGG
GGAGGGAGAACTTCACCGCGGGGTCGGACTGTGTGACCCTCAAGGTGCGC
AGCGTGAGCGTCGCCACCTCCGGCAGCGGCTTCTCCCGGCACAGCGGCGG
CGACGACGAGGGGCTGCAGGAGGAGGAGCTGATAGAGCAGGTGCCCAGCA
CCACTTCGGTCATCGAGAGGAACGCCCGCATCATCAAGTGGCTGTACACC
TGTAAGAAGGCCAAGGAGACCCCCAGCCAGGAGCAGAGCCGGACCCGAGG
AAGCAAACCTTCCCGATGATGAAGACTTCTTGAAGGATTTCATGGGTGAT
TTGGGATCCCAGGACCATTTGGCTAGTGTGCCTAGGTGACCACATGATTG
CTGTTTTACCAGGAATGCAGCATCCCATTGACAAAACAAGTGCTCTGAGA
AGGTTTAAAATACTACAGAGAATATGGGAACACAGACCTTGAAATTTAGC
TGAGTTGTAACAGCTGAAACTCCAAGAGGTGTCTTCCTTGTTTGAGGTGA
AACTAGTGTTGCTTCCAGAGGGCAGCTGGAAACCGTAAAGCTGTTTGGAA
ATCTTTTTGACTGACTTGCTGACAAAGAGGTACTGTGATGCATTTTAACA
ATATCTAAGTTGATTTTTTTTTAAATCAAGGAAAATAAAAACCAAGCATG
AATGCTATGGTATGTGCCCCTTTTGACCATCCTGGGCTGATTAACATCAT
TTAAATCAAAGTAATCATAAAAAGGCATATTCTACTTCAATTATGTGGTC
AAATAAGAGTAAACACACACACTCACACATGCTGACCCCAATTGCCAGAG
CATTACTGCACTATAAATTACGGTTAATTCCCAAATTATACTACTGTTTA
TCTTATTTAACAAGTCAGAAAGCACTTTTAAAATAACTTGAGGGCTACAA
GGTCATTCTATTAATGTCATTCTCCATTCGGGTTGTAGGCATGTGGAAGT
ACCCATTAAAAGATAAGTTAGAGTTTAAATACTGATAAACAAAACCTTTT
ATTGCAACTGGACAGTTTCTGGAGAGTTAGCGGAAGAATCTTGGAGTTTC
CTTTGGTCAGATGAATACAACATTTCACTTTTGCAGCACTATTTAGAATG
TACTCCATGGTTCTCTTGTTCCCAACTTCCAAAAAGAACAGAAAACTTTG
GTTTACACAGAACACGGGCATCTGAGGCAGGACCTCTTCCCTGCCCTTTG
ATCTGACTCACACCTCCACATATGACGTAATCAACCCAAATTTGACACCA
ATTCACTCTTTTCTGCAAAGGGCATATTTTGAAACAAGGGACAGCCTGAG
GGCGGCTATAATGAGAATGTTCATGGGGGTTACTGGGTCCCTAATTCTGA
ACTTGCTTATGACACCCAGAGTGAATAGATTCAGATTCAGAACCTTCTGA
GAAATAACCCAAAGAAAATTTGTTACCCAGCCAATTCTTCGAAAGCTTAA
TATCAAAATATATCTTTTCAAGAAGAAAATCGTTAGAGAGAAGAATGTGG
AGGGGAGAGAAATGGGTTTCTCATTGATATGATATTTTGTTAACCATTTC
ATTTTGAATTATTCAAGTTTTGGTTAATATTGTATTCTTTTTTCGTAACT
ATTTTACCGTGAGAGTAGGTCATTGGGTTACTTAGATATTTATTTTTACA
CAGTTATTAGTCTTCAGATAGTTTTATTTTACTTCATATGATTTTAGTTT
TTGTCAGTATAATTTTAAATCATGTTTTTCTTGGTCATCTCTTTGTGTAT
ATTGTGTAATTGGATTTTCATTGACTGCAAGTGGAGTGTTTGCCACTCAA
TTCAGTACTCAGTACTATGGTGACTTGTTTTCAAATAAGTCTCAGATACA
CATTTAGGGAGCCTTTGCTGGCCGAATATAGACTCTGTCAGGACAGCAGG
TCCCCTGATCTAAGAATTTTCCCCAATGGTTGCTCTAAAAATGCTGCTAT
TTTGCTGTTCACTGTATTGCACTTAGTTAAAAAGAAGATAATGTGAAAGA
TGAGAGCAGTTTTTTAAAGGATCTTTTCATATACCCAATTCCCTTATTTT
CAGATGTCCCATCAATTTTAGATATGAAAGCTTTAAGTAAAAGTGTGTAT
GCCTTTCTACTGTCAGAACAGGATGGATGCAGCCTGGGTCAGATTTATTT
AAGATAAAAATCATGCAGACTCATCATTCATATCATAGGTGAAAAATGTA
AAAACCAAATGGTTTCCACTAAAGCCACCAAGATCTTTTAGAAATGTTTG
CACCTTTGGTGGTGGCACAGGAAAAGAGAAGAATTCAGCTGGAGTGAATT
CTAGAAGTAGATATCAGAAACGGGGCATGAAGAACAGGGGAACTGGGTGG
CATCAGACTCCTAAAGAAGTGAGTTAATTTTCCTTCCCTTCCATTCAGAT
TCATGCCACAGCTCCATATCTTGAGTATGTGTAAGAGGTGAGTTCCTTCT
TCAGCCAGGGGCGGTGGCTCATGCCTTTAATCCCAATGCTTTGGGAGGCC
AAGGTGGGAGGATCACTTGTGCCTTGGGGTTCAAGGTTGCAGTGAACCAT
GATTGCACCACTGCACTCCAGCCTGAGTGACAGAGCAAGACCCTGTCTCT
AAAAATATATATAAAAAGTAAAACTAAAGAACTTCTTGCCTAAACCTGAA
TTACCGCAATTTGCTGAGTGACTTTGAGAAAAATCAGACTGTTTAGTTCA
GTCGGGATGAAAAGCTTGCGATTGCTTCCCACAAGAATGGGCAATAGTGA
CGGCTGCAAGGTACTTTTATTTGTTCATGAAAGAACGACAATTTTTCAAA
ATGTAATTAAACATAATAGAATGTTTTAAACTACTGGGCACTGAAACTGG
AAGAAAAAGGAGGCTTTATTGAACATTCCCCTTTTTCAGTTGGTTCAAAG
TTCAGCACTGTGGTTATCATTGGTGATGCCAGAAAACATTAGTAGACTTA
GACAATTGCTATGGCAGTTTCTAAACAGAGCTTTTTCTATACACTATTTG
CAACTGGAGTGCAATATTGTATATTCTGTGTTAAAGAAATAAAGTATTTT
TATCATTTATTAA
